// Jest Snapshot v1, https://goo.gl/fbAQLP

exports[`Render Button component 1`] = `
"<button className=\\"primary custom-button\\" type=\\"submit\\">
  Primary
</button>"
`;

exports[`Render Button component 2`] = `
"<button className=\\"secondary custom-button\\" type=\\"button\\">
  Secondary
</button>"
`;
